>>> print_square = __import__('4-print_square').print_square

normal 1
>>> print_square(3)
###
###
###

normal 2
>>> print_square(1.0)
#

missing arg
>>> print_square()
Traceback (most recent call last):
	...
TypeError: print_square() missing 1 required positional argument: 'size'

infinity 
>>> print_square(float('inf'))

NaN
>>> print_square(float('nan'))

zero (0)
>>> print_square(0)
